0000000  040501  040501  040501  040501  040501  040501  040501  040501
*
0000020  040501  040501  040501  005101                                
0000028
