0000000    6554    7473    000a                                        
0000005
