0000000 101 101 101 101 101 101 101 101 101 101 101 101 101 101 101 101
*
0000020 101 101 101 101 101 101 101 012                                
0000028
