0000000 124 150 145 040 161 165 151 143 153 040 142 162 157 167 156 040
0000010 146 157 170 040 152 165 155 160 145 144 040 157 166 145 162 040
0000020 164 150 145 040 142 154 165 145 040 150 157 165 163 145 012 012
0000030
