begin 644 regress.in
M=![XYG<[;LZJX6VX="4_6IK%7W4DO3P.ZPE'B5^+X4^0$'UI_/]6C@%9T,2&
M(VE$3"('^WCXHJ?W))`_NO0V6G6S"C%7&U[<9I!J\40&,A_>\0+R:A,.3KK'
M/]"?V9$]6MR;HD3&\$V%MT0K?B3L(I<4/,=[5#1O"0&+#^MZ;J)D/)*:&F77
M"P+P+SV6I`.716^=X4AG"G!T:!L[(!R=Z;>,8P0Q(<,X7OR`G&USW7*]@"PO
M(PS(ZP88S7"(`H_*I/]TH-`ZBC%88-*WL_NMMRMS"Y0?*GZ@:5>KP8<;U00'
MJRKQHKR.KCP@P@:S2?P+A#*U?+>CGI37+U4AVC]$^I,T62?M`TP7UM=R*QR[
MD4:K6S$`"'\AM32=W-#:F1_V3ZZQ-'/89A6WU<C>-37T<S(?I16!;!0(WK<Y
MRA69E&`TC\7\S01XIN:&I0Z0-G;!0D24X`D^IO>13\)N%;)50(Z6'>F![']+
M5Y"285"H9VB.%`_9\/2,X[W77CJ!D_,U9SXBK#P\5UM!IYU]J-@7%MYV?=KD
M;S)":^[UI?`N/V+LRMI`=V+4)PA@B5[NCZ<QX#C$?==_08=<)&#FXWYP?LGB
M/H/GK@A$)=J?@6(O:%-INH0]!RKSG6:<LYT`0%QR9I?`:+)G&-B/>A3.HL33
MZ=/.*I\QVFLZF=DKVG>9T(TE>H-'Q"!*O@4Q"TN%B>HZ&+INLL%$!\0>"LRU
MFCG7#(UJL"V2IWX/93O1Y:I'V]%!U>(>`/%9,D%Q.V33LT8XJWR*#</&':`=
M/R\)ZX4IR!E.WK;<+RJ$;*<N2''=Z]B3_YF#X:K;R8',8Z2[2[0/#'I'UQ\6
MHHYQ,HT,5DF!&;*<Y2RX)W[3\QCCXATI<*O$="2:G)V`U$VC'SI?;>\N_-2Q
MI!X]^)&8&)VGL@IL*SP37:;@*#9/R=J<`(I-7G`=L0!-LDFS!8;\]Y]Q"SPL
MR;0[^T@X:T#8R+#<G6V-'_."8'OD.@R,[V%0)`7&@ZU&G99B`C2EKJL/7V-5
M4M7BO1KN>%2&YK8G8)O.V.?AP@$?Q38\;[Q\`%0GM!O:*J&YK6"^:V=^X7CT
M!V.#R^_,Y'IICT=-PI+/*':\4'Z(#=^FT`JEYNYH";A^6(#HO&M-V!IDR"JT
MT,_D*$K3;33^J?N62#HPT9C+>%=2$K4M=BUM*A#AYHRY$O^2A+RP*/FX_-?)
MW"+A;92OA.66QPS?*$@,"G'-=\N<W)(#-,[<W#FYPT0K#T`.;.42!%\BHN-!
MC,O=4OB(!5%/>5D9WQ8L3<B21)F_?!Y0-AK<81,;9)YB.5'NN.Q%P^S/H$(C
M5!/.UP79@L2P@%$#VT;*+<.O2G6&,W(R-95*J=HW:XHAX'X+O_RZK,KM23K[
MD0)EP$O4Z6BROM0H;_?,='6(;<_61/1X[EZ)#SX5W`4J/<%W)RZ1:-4*1O%B
M^[<.68!*;-%1F$_C`Z=R4N5D"8(,#NAN([B0+TNXE__Q;=&;]16M?\6'L_-Y
MGF6BU3+3/;:#S\&!/.,.><I>(?J#5H/J:A>J&3X?)CWL5!AJZS:R5?-IN>:$
M=';_73&F]-'2XQL@I;?+_L)PZ(5)CW_=@;T1?7]T94@?#OP41L3-OQ`5S*NN
MN'ZPK$\`&.I!+@HF,9Y49<@6D>1-C3J<>E"LEW)A!(N4F),;8(V2,O_"*^GD
M(8<($[S'1:"R%\G@-8HLHI_<ASUHU@3/V#BZ-3JX:_27TAUS[?RDD*MVI+)O
M2.`\G<<1(4KBQY_&30PA)Q,:H1Y604#54/'QT<\Q1-33(VX;&>BD&XJ*J[X;
MIF9O;9KGL2C0)R+B0B/MK:&1\8B(V)P&9F';:F:]#/C.*5W;!63Z+@1V+$$(
MT&[!9B2&/XEGB3DI.1_%4@I\6F;EOA.>98^*#3:FB?KJT-AC8(486&;9$.4B
MZ(F2;B5'_@FXMD^DR`3UN2N*XE34"6*[7.Y(Z6+"8V@XO[G83#-4O_G;)+S:
MBU&0/+SWIT;B5JW0PD(?^K92L3BK$(',3>`QC=?6("#(</2LQ19@ONK@G(`H
M=S(1]1D`GLH>X<+OA]2Q#-KFER6#L<SD4L<]>&]KKY''[W*.KZPQV"4%N@_G
M:JG#!2S$(W'^<SUVF]7\`3SI'T!3\<%O#$_**BHN^J66M@+63PG1H1!F!95@
M.'"F0@ASY;5@S4R@QQ0%G8"3#]#Y2W=VG=PN')+W(>L1_:^.JY,X.1DML+,:
M.&)[QWH;1,Z@$MNPI)U$PQ?&K_<8K<_0L!%H0?+]+@K<O'+@F$ZF:S7=%]-?
M!6B/9A3C%NK<!TP#W/JE"KA<OL5/]<N@&Q`UI0]Z,RP8+V&TRR,U&K1(;B6&
MXR[R\V^TF02+]Q&Z&T2MSD?6IYKK+\IL&H_"%/K_\"7S^ZM/_I-4IXT-J<,5
ME.B<,HS4$':E@4>^Y\U@NT&4(^(KBMP.2/,VA<^PH&O%0Z6O8W2[[?3[@DIG
M5N1CB2!EO2D5^V(NCLZ^^$K#*<(C#]C\\2M)\QR27#9K]O(#+D3^89(Q@^O_
M"</X"TM2;P`0-CH2]DI;,0*X8N<2`N7(S(9G@)'SW\B4^V(^FSA/*"A-BY_,
MQ/T3C*ZW1JC*L(N)"].#W<\XG[3&7GO"U0J#%X3*81VS$L[4CER05.#W'KMB
MQ`)/\N;F40.K;(8VBF1]QJ4?V26E\L"8:,Z;]$TT6GGCTQVQI?9*$^(O:K21
MB31@-!IV2[*UN]-3MC^]`Z[Q6/PI!"/<(LR#/X"(M"S,HR;RJ;GWK,W12BR@
MI(C]TU%E-:;_F4B^;HK9#O79@<.EA9C4)GA4CB$AN,?I.Q8&__ADC_=6=W#@
M]@:+5KB+59.?EYP493U=\6ZK-W10^C3XVIFVA+A$XIB<#Y&$.8.<3?XKHE2Q
MV(E@*XPX?;[[(JDWY_[D"VTW;].%S@S(-V,,?8U"YT,1)03Y![JF*O:WW,C$
M:/S;(QBI'"=VP`,S3)',"2A*UJB0ZT:DB\LN..Z16#B#`=GISSCG#%A,R+^B
M?YI!@9<MG?O*OOLQ`$6ER.9'<P7!N_O^V&@Y<6%K\>Y&MOQF0S*T":F(;:UQ
MEY43B9#>;Z;,TN*9>PD8UHDMYE8&58#+_O=A'V%>/S2'!XV1;<>M._W)UUWP
MO&C/56ST%YA@H.^'3T1JWUOI9X[H*\W4O.=#S13RN=B,*R?W5"5$SAJNG3_0
M?R/IY0[4@2.NT?<8_B:IPQP4MJ>!+4?B#HXO'2>LP?`;W;\=<//I8=C+*4\T
MMKI"AD5W[4R78TP5%2B`B5.>6@62&:T`!DQ%_I-K_.SM*U,LVHF)Q!NE*_%A
M7'MKH@ZQ%6_0</<&,T37(+4')\&I73<DR=;L3"6[(MOY],K8Y&_WILZV`.)F
M<HCC0WD-L)V4`ZX_NTZ1M*\&:/\JW7US>%FBDJ#^C$(0EIGQUHR_:2.<T/[4
M]#M6>Y,KEH2VA'HO'D:=_L>W&B9D@F?%1?JK<"^Z@BSX<CP3C_R$CIMHW5.7
MG7</R<FN7%/C4E#D+!(Z1:>@><6=^.:0A">TBNM^@ZXI^>ZCVP-:#7:ZX7@4
MZ'$:7P3@:'$-)"0W&-#E[]DUNF4T>?GY/>%)B-#=@U4!?H:H;_6%N$^%3V-L
MZKF+H<`&]7>7-7\4VEW>(E>"0'SDA?7EN%%@+0GJ%I/&:RW6EB$0K9U_)VHY
MRQV8$_.),BW;OG/W)!UF=,/;@=YNEKP<;".">TM_JC3Q+0SNG/Y`^2[N:P>6
MXB!N#C&B2&/(#'["/I801E^)`CU38=/UK0Z+I&Y[<K^-L;R.#%$-^#2NR./B
MNTSY!F,J;U20<9WOV,6R8@^GW+J:B^"7]Z<TEI+\4V2&[`1GD;F,K05S#Y=P
M*QG9NDXRODK2`7TRXD-[FI6NN,#*P_AY-;"74,U.L@C9W-6\@LCV%8MW?[12
M@.>7_EI+N:D',E8@8#RS7G6+\5NP&[@$-_G)+HRF[PV.A3%%_E[QBED?E9)W
MK<&OQ;B]@).LN"*SVH(UNCQ)'1Y?(7T'2DO[1XXZXCB*^&4-G;>[0F;!6+HH
M\8YVXN[TCY0)L=]9+<3DP`)=6_N_J47.C;3A=\3+LNP#23,>0CVUT+FJW>8R
MY-I\&1CQ0D.7IIT)?D$'KD';Y^LU(]OV`A`Q0Z14.NO.1+N$HB=X1DI%,UDP
M35UO0IE@[5F+O/CI$U)9W`;`O*=>JL/L))5P4^J[);PW=5:\,T9MJ2X%"&DU
M"_XCEH;QL:DG<(Q/_A:`S[H<T(>$%R,S-JNZQC'*J"A]6:J'0I7?U)@)KK5Z
M>^C[8@AW"LJE2S6ZC;2#RQ%>*E4QI,8'>;$)2>;+*.*$TF?N;L&JBS)%.*1/
MD8KU;0U_NY/Z%-$KTL&0[E2[!$&1A<A)@U[;7#]FH#V">)9V0)8C^8,JC8'D
M_6ZN?'55'<TI%YC5Z_E5,L(8>0\EW8A(_UA!^U`G_R%.O5@-HG8)5=\,HA:5
M/"#^=945W,^2[Z81B&5GBB=&06EY8Z/8SE$J$N,Y%6?MM]=2+58A7A;`!S<?
M-[FSH"9CR9$O^9@4O]BI>:246T29^ZB%O_:;P[%D92EXY!\\$3/V+J"E3VU_
MR=Z]9R&?=IW%1]=:J*KC5CO"%N]\SR'3L=1^.%\;L:(V\TBSW6*=7NF^BBN:
M=?ZZ&(LCM(RJ40JH@[X)B^5*/_Q(@.!`%!XDM54+`RI`^-L1-P8`(!#$:[$,
MB#=N4/0_]N:O,-_%])?U/.6X,EC;'["ZZ-BL,^_W8)XEX4FVB70/J]RI&Z<T
M`)CS@+Z_7M6A%GDBUC)8O$)](D6OE+ZYTS@7S$O$$.6(Z3:02PKK2AV43#Z:
M?)/"1LRF!UK!$6;U%15LB=DK^_K%%+[#W0L#K^$6%>LCY(M;`!./-MYPTH;Q
MTF*@6H*N9:DEGJ)O)3[)4=5190Z>BX)DL,G(L^FN$E[HN,U.,_>V5,Y)1(^V
M,.X_U2R];K$CWQ8TI18?7)QS-9L(>IR*!\3V-H6?O.HF<"7E8-SWK(115/6@
MQL5ZDJ3)N%H^8IN^`[0\/V`6#?LL/VO:'OIA)FDY.P4`JX+EC%;HZ*E"]WV<
MZ<EC4A31ND1L%?SY)H8?U=<=@</@Y8&7XJI4NJ"&B3]]=2(0_6A"+ZGX@+5_
M(7;Y!N,;KF'OQUQ55;B3A\2X,C--JOZSI+NF)K\J([L%?/+#8AF[>KMAC&8F
M5G&WG[>$>`N_04V")EXD',H2%H1:G7)^HXMIK5EK10TPAE`#H-*\LPH@DVO&
MM8JJ"?8`'NA_:&M$3`_OJ9([U_C]XG#=\8'UA5R?Y&(_0ODNJ9B+>9*4(K-C
MTWC'BH\H'6KBFUF!E1A6H_]X[:<ZQ'.J%J!N?,9("U?VSO'O:OU"N[8ZD`H*
MLGXAX@3C*PVY2(F86+X+Q\&4L56*E^IF\K$)W-3AZ(V0ZOMU$F?/V.HMYZH4
M<B^N\6M0\PO$:H8666J*@A/I]IB$L?'3$3FB>O-Y\.*E+'PQ6;$[Q$[M>#<`
!9P``
`
end
