--- empty	2015-04-03 01:02:03.000000000 +0000
+++ hello	2016-12-22 11:22:33.000000000 +0000
@@ -0,0 +1 @@
+hello
