       foo        789        bar        123        456

