[HAVE_abc def h/]
[HAVE_abc~def~h/]
ABCDEFGHIJ
ABCDEFGHIJ
ABC-0980-ZYX 
ABC-0980-ZYX 
