a         stringa%bpouet          bctoolongcdtoolong2d
