quote \s in \string
>>>check whether subst
>>>over several lines
>>>works as expected
keep this one
a ea ma pa ta ya  a ra ea ga ea xa p
