
       95
           value  ------------- Distribution ------------- count    
              94 |                                         0        
              95 |@@@@@@@@@@                               1        
              96 |@@@@@@@@@@                               1        
              97 |@@@@@@@@@@                               1        
              98 |@@@@@@@@@@                               1        
              99 |                                         0        

       96
           value  ------------- Distribution ------------- count    
              95 |                                         0        
              96 |@@@@@@@@@@                               1        
              97 |@@@@@@@@@@                               1        
              98 |@@@@@@@@@@                               1        
              99 |@@@@@@@@@@                               1        
             100 |                                         0        

       97
           value  ------------- Distribution ------------- count    
              96 |                                         0        
              97 |@@@@@@@@@@                               1        
              98 |@@@@@@@@@@                               1        
              99 |@@@@@@@@@@                               1        
             100 |@@@@@@@@@@                               1        
             101 |                                         0        

       98
           value  ------------- Distribution ------------- count    
              97 |                                         0        
              98 |@@@@@@@@@@                               1        
              99 |@@@@@@@@@@                               1        
             100 |@@@@@@@@@@                               1        
             101 |@@@@@@@@@@                               1        
             102 |                                         0        

       99
           value  ------------- Distribution ------------- count    
              98 |                                         0        
              99 |@@@@@@@@@@                               1        
             100 |@@@@@@@@@@                               1        
             101 |@@@@@@@@@@                               1        
             102 |@@@@@@@@@@                               1        
             103 |                                         0        

