
  k-ingleside                                       
           value  ------------- Distribution ------------- count    
               0                                         | 0        
               1 @@@@@@@@@@@@@@@@@@@@@@@@@@@@@@@@@@@@@@@@| -123     
               2                                         | 0        

  j-church                                          
           value  ------------- Distribution ------------- count    
             < 0 |                                         0        
               0 |                                         0        
               1 |                                         0        

  l-taraval                                         
           value  ------------- Distribution ------------- count    
             < 0                @@@@@|                     -123     
               0                @@@@@|                     -123     
               1                     |@@@@@@@@@@           246      
               2                     |                     0        

  n-judah                                           
           value  ------------- Distribution ------------- count    
               0 |                                         0        
               1 |@@@@@@@@@@@@@                            123      
               2 |@@@@@@@@@@@@@@@@@@@@@@@@@@@              247      
               3 |                                         0        

  m-oceanview                                       
           value  ------------- Distribution ------------- count    
               0                     |                     0        
               1           @@@@@@@@@@|                     -9223372036854775808
               2                     |@@@@@@@@@@           9223372036854775807
               3                     |                     0        
               4                     |                     0        
               5                     |                     0        
               6                     |                     0        
               7                     |                     0        
               8                     |                     400000   
               9                     |                     0        

  s-castro                                          
           value  ------------- Distribution ------------- count    
               0 |                                         0        
               1 |@@@@@@@@@@@@@@@                          9223372036854775801
               2 |@@@@@@@@                                 4611686018427387903
               3 |@@@@@                                    3074457345618258602
               4 |@@@@                                     2305843009213693951
               5 |@@@                                      1844674407370955161
               6 |@@@                                      1537228672809129301
               7 |@@                                       1317624576693539401
               8 |                                         0        

  f-market                                          
           value  ------------- Distribution ------------- count    
               0 |                                         0        
               1 |@@@@@@@@@@@@@@@                          9223372036854775807
               2 |@@@@@@@@                                 4611686018427387903
               3 |@@@@@                                    3074457345618258602
               4 |@@@@                                     2305843009213693951
               5 |@@@                                      1844674407370955161
               6 |@@@                                      1537228672809129301
               7 |@@                                       1317624576693539401
               8 |                                         0        

