input
input
data
data
for validation
for validation
of sed(1)
of sed(1)
