53114233149441
53114233149441
53114233149441
53114233149441
53114233149441
53114233149441
53114233149441
53114233149441
53114233149441
53114233149441
53114233149441
53114233149441
53114233149441
53114233149441
53114233149441

