<top>
  <data>
    <animal>fish</animal>
    <animal>fish</animal>
    <thing>
      <name>thing</name>
      <color>green</color>
      <time>2:15</time>
      <hand>left</hand>
      <color>blue</color>
      <time>3:45</time>
    </thing>
    <thing>
      <name>thing</name>
      <color>green</color>
      <time>2:15</time>
      <hand>left</hand>
      <color>blue</color>
      <time>3:45</time>
    </thing>
    <thing>
      <name>thing</name>
      <color>green</color>
      <time>2:15</time>
      <hand>left</hand>
      <color>blue</color>
      <time>3:45</time>
    </thing>
    <thing>
      <name>thing</name>
      <color>green</color>
      <time>2:15</time>
      <hand>left</hand>
      <color>blue</color>
      <time>3:45</time>
    </thing>
    <thing>
      <name>thing</name>
      <color>green</color>
      <time>2:15</time>
      <hand>left</hand>
      <color>blue</color>
      <time>3:45</time>
    </thing>
    <thing>
      <name>thing</name>
      <color>green</color>
      <time>2:15</time>
      <hand>left</hand>
      <color>blue</color>
      <time>3:45</time>
    </thing>
    <thing>
      <name>thing</name>
      <color>green</color>
      <time>2:15</time>
      <hand>left</hand>
      <color>blue</color>
      <time>3:45</time>
    </thing>
    <thing>
      <name>thing</name>
      <color>green</color>
      <time>2:15</time>
      <hand>left</hand>
      <color>blue</color>
      <time>3:45</time>
    </thing>
    <thing>
      <name>thing</name>
      <color>green</color>
      <time>2:15</time>
      <hand>left</hand>
      <color>blue</color>
      <time>3:45</time>
    </thing>
    <thing>
      <name>thing</name>
      <color>green</color>
      <time>2:15</time>
      <hand>left</hand>
      <color>blue</color>
      <time>3:45</time>
      <_2by4>
        <_4x4>truck</_4x4>
        <_2morrow>tomorrow</_2morrow>
      </_2by4>
    </thing>
  </data>
</top>
