<top version="3.1.4"><data test="value"><data test2="value2">bold</data><data>bold-ul</data><data>triple</data><data>inv-ul</data><data>underline</data><data>plain</data><item><sku test3="value3" key="key">GRO-000-415</sku><name key="key">gum</name><sold>1412</sold><in-stock>54</in-stock><on-order>10</on-order></item><item><sku test3="value3" key="key">HRD-000-212</sku><name key="key">rope</name><sold>85</sold><in-stock>4</in-stock><on-order>2</on-order></item><item><sku test3="value3" key="key">HRD-000-517</sku><name key="key">ladder</name><sold>0</sold><in-stock>2</in-stock><on-order>1</on-order></item><item><sku test3="value3" key="key">HRD-000-632</sku><name key="key">bolt</name><sold>4123</sold><in-stock>144</in-stock><on-order>42</on-order></item><item><sku test3="value3" key="key">GRO-000-2331</sku><name key="key">water</name><sold>17</sold><in-stock>14</in-stock><on-order>2</on-order></item></data><data><item><sku key="key">GRO-000-415</sku><name key="key">gum</name><sold>1412.0</sold><in-stock>54</in-stock><on-order>10</on-order></item><item><sku key="key">HRD-000-212</sku><name key="key">rope</name><sold>85.0</sold><in-stock>4</in-stock><on-order>2</on-order></item><item><sku key="key">HRD-000-517</sku><name key="key">ladder</name><sold>0</sold><in-stock>2</in-stock><on-order>1</on-order></item><item><sku key="key">HRD-000-632</sku><name key="key">bolt</name><sold>4123.0</sold><in-stock>144</in-stock><on-order>42</on-order></item><item><sku key="key">GRO-000-2331</sku><name key="key">water</name><sold>17.0</sold><in-stock>14</in-stock><on-order>2</on-order></item></data><data><item><sku key="key">GRO-000-533</sku><name key="key">fish</name><sold>1321.0</sold><in-stock>45</in-stock><on-order>1</on-order></item></data><data><item test4="value4">gum</item><item test4="value4">rope</item><item test4="value4">ladder</item><item test4="value4">bolt</item><item test4="value4">water</item></data><cost>425</cost><cost>455</cost></top>