<div class="line"><div class="text color-fg-red color-bg-green">Merry XMas!!</div></div><div class="line"><div class="text">One </div><div class="data color-fg-yellow color-bg-blue" data-tag="animal">fish</div><div class="text">, Two </div><div class="data color-fg-green color-bg-yellow" data-tag="animal">fish</div></div><div class="line"><div class="text">The </div><div class="data color-fg-red" data-tag="name">thing</div><div class="text"> is </div><div class="data color-fg-green" data-tag="color">green</div><div class="text"> til </div><div class="data" data-tag="time">02:15</div></div><div class="line"><div class="text">My </div><div class="data color-fg-red" data-tag="hand">left</div><div class="text"> hand is </div><div class="data color-fg-blue" data-tag="color">blue</div><div class="text"> til </div><div class="data" data-tag="time">03:45</div></div><div class="line"><div class="text">The </div><div class="data color-fg-red" data-tag="name">thing</div><div class="text"> is </div><div class="data color-fg-green" data-tag="color">green</div><div class="text"> til </div><div class="data" data-tag="time">02:15</div></div><div class="line"><div class="text">My </div><div class="data color-fg-red" data-tag="hand">left</div><div class="text"> hand is </div><div class="data color-fg-blue" data-tag="color">blue</div><div class="text"> til </div><div class="data" data-tag="time">03:45</div></div><div class="line"><div class="text">The </div><div class="data color-fg-red" data-tag="name">thing</div><div class="text"> is </div><div class="data color-fg-green" data-tag="color">green</div><div class="text"> til </div><div class="data" data-tag="time">02:15</div></div><div class="line"><div class="text">My </div><div class="data color-fg-red" data-tag="hand">left</div><div class="text"> hand is </div><div class="data color-fg-blue" data-tag="color">blue</div><div class="text"> til </div><div class="data" data-tag="time">03:45</div></div><div class="line"><div class="text">The </div><div class="data color-fg-red" data-tag="name">thing</div><div class="text"> is </div><div class="data color-fg-green" data-tag="color">green</div><div class="text"> til </div><div class="data" data-tag="time">02:15</div></div><div class="line"><div class="text">My </div><div class="data color-fg-red" data-tag="hand">left</div><div class="text"> hand is </div><div class="data color-fg-blue" data-tag="color">blue</div><div class="text"> til </div><div class="data" data-tag="time">03:45</div></div><div class="line"><div class="text">The </div><div class="data color-fg-red" data-tag="name">thing</div><div class="text"> is </div><div class="data color-fg-green" data-tag="color">green</div><div class="text"> til </div><div class="data" data-tag="time">02:15</div></div><div class="line"><div class="text">My </div><div class="data color-fg-red" data-tag="hand">left</div><div class="text"> hand is </div><div class="data color-fg-blue" data-tag="color">blue</div><div class="text"> til </div><div class="data" data-tag="time">03:45</div></div><div class="line"><div class="text">The </div><div class="data color-fg-red" data-tag="name">thing</div><div class="text"> is </div><div class="data color-fg-green" data-tag="color">green</div><div class="text"> til </div><div class="data" data-tag="time">02:15</div></div><div class="line"><div class="text">My </div><div class="data color-fg-red" data-tag="hand">left</div><div class="text"> hand is </div><div class="data color-fg-blue" data-tag="color">blue</div><div class="text"> til </div><div class="data" data-tag="time">03:45</div></div><div class="line"><div class="text">The </div><div class="data color-fg-red" data-tag="name">thing</div><div class="text"> is </div><div class="data color-fg-green" data-tag="color">green</div><div class="text"> til </div><div class="data" data-tag="time">02:15</div></div><div class="line"><div class="text">My </div><div class="data color-fg-red" data-tag="hand">left</div><div class="text"> hand is </div><div class="data color-fg-blue" data-tag="color">blue</div><div class="text"> til </div><div class="data" data-tag="time">03:45</div></div><div class="line"><div class="text">The </div><div class="data color-fg-red" data-tag="name">thing</div><div class="text"> is </div><div class="data color-fg-green" data-tag="color">green</div><div class="text"> til </div><div class="data" data-tag="time">02:15</div></div><div class="line"><div class="text">My </div><div class="data color-fg-red" data-tag="hand">left</div><div class="text"> hand is </div><div class="data color-fg-blue" data-tag="color">blue</div><div class="text"> til </div><div class="data" data-tag="time">03:45</div></div><div class="line"><div class="text">The </div><div class="data color-fg-red" data-tag="name">thing</div><div class="text"> is </div><div class="data color-fg-green" data-tag="color">green</div><div class="text"> til </div><div class="data" data-tag="time">02:15</div></div><div class="line"><div class="text">My </div><div class="data color-fg-red" data-tag="hand">left</div><div class="text"> hand is </div><div class="data color-fg-blue" data-tag="color">blue</div><div class="text"> til </div><div class="data" data-tag="time">03:45</div></div><div class="line"><div class="text">The </div><div class="data color-fg-red" data-tag="name">thing</div><div class="text"> is </div><div class="data color-fg-green" data-tag="color">green</div><div class="text"> til </div><div class="data" data-tag="time">02:15</div></div><div class="line"><div class="text">My </div><div class="data color-fg-red" data-tag="hand">left</div><div class="text"> hand is </div><div class="data color-fg-blue" data-tag="color">blue</div><div class="text"> til </div><div class="data" data-tag="time">03:45</div></div><div class="line"><div class="text">There is </div><div class="data" data-tag="4x4">truck</div><div class="text"> in </div><div class="data" data-tag="2morrow">tomorrow</div></div>