GRO-000-415,gum,1412,54,10
HRD-000-212,rope,85,4,2
HRD-000-517,ladder,0,2,1
HRD-000-632,bolt,4123,144,42
GRO-000-2331,water,17,14,2
GRO-000-415,gum,1412,54,10
HRD-000-212,rope,85,4,2
HRD-000-517,ladder,0,2,1
HRD-000-632,bolt,4123,144,42
GRO-000-2331,water,17,14,2
