{"top": {"data": {"contents": {"item": [{"name":"gum","count":1412}, {"name":"rope","count":85}, {"name":"ladder","count":0}, {"name":"bolt","count":4123}, {"name":"water","count":17}]}}, "data2": {"contents": {"item": [{"name":"gum","count":1412}, {"name":"rope","count":85}, {"name":"ladder","count":0}, {"name":"bolt","count":4123}, {"name":"water","count":17}]}}, "data3": {"contents": {"item": [{"name":"gum","count":1412}, {"name":"rope","count":85}, {"name":"ladder","count":0}, {"name":"bolt","count":4123}, {"name":"water","count":17,"test":"one"}]}}, "data4": {"contents": {"item": [{"name":"gum","count":1412, "sub": [{"name":0,"next":1}, {"name":1,"next":2}, {"name":2,"next":3}],"last":3}, {"name":"rope","count":85, "sub": [{"name":0,"next":1}, {"name":1,"next":2}, {"name":2,"next":3}],"last":3}, {"name":"ladder","count":0, "sub": [{"name":0,"next":1}, {"name":1,"next":2}, {"name":2,"next":3}],"last":3}, {"name":"bolt","count":4123, "sub": [{"name":0,"next":1}, {"name":1,"next":2}, {"name":2,"next":3}],"last":3}, {"name":"water","count":17, "sub": [{"name":0,"next":1}, {"name":1,"next":2}, {"name":2,"next":3}],"last":3,"test":"one"}]}}}}
