
1 ip:::send    (args[2]: 4 64, args[4]: 4 84 0 0 255)
2 ip:::receive (args[2]: 4 64, args[4]: 4 84 4 0 255)
