    November 2009           December 2009           January 2010            
Mo     306 313 320 327 334     341 348 355 362           4  11  18  25    
Tu     307 314 321 328     335 342 349 356 363           5  12  19  26    
We     308 315 322 329     336 343 350 357 364           6  13  20  27    
Th     309 316 323 330     337 344 351 358 365           7  14  21  28    
Fr     310 317 324 331     338 345 352 359           1   8  15  22  29    
Sa     311 318 325 332     339 346 353 360           2   9  16  23  30    
Su 305 312 319 326 333     340 347 354 361           3  10  17  24  31    
