                            2009
      January               February               March          
Su Mo Tu We Th Fr Sa  Su Mo Tu We Th Fr Sa  Su Mo Tu We Th Fr Sa  
             1  2  3   1  2  3  4  5  6  7   1  2  3  4  5  6  7  
 4  5  6  7  8  9 10   8  9 10 11 12 13 14   8  9 10 11 12 13 14  
11 12 13 14 15 16 17  15 16 17 18 19 20 21  15 16 17 18 19 20 21  
18 19 20 21 22 23 24  22 23 24 25 26 27 28  22 23 24 25 26 27 28  
25 26 27 28 29 30 31                        29 30 31              
                                                                  
