    June 2009               July 2009               August 2009             
Mo 152 159 166 173 180         187 194 201 208         215 222 229 236 243
Tu 153 160 167 174 181         188 195 202 209         216 223 230 237    
We 154 161 168 175         182 189 196 203 210         217 224 231 238    
Th 155 162 169 176         183 190 197 204 211         218 225 232 239    
Fr 156 163 170 177         184 191 198 205 212         219 226 233 240    
Sa 157 164 171 178         185 192 199 206         213 220 227 234 241    
Su 158 165 172 179         186 193 200 207         214 221 228 235 242    
