                         2009
         November                     December            
 Su  Mo  Tu  We  Th  Fr  Sa   Su  Mo  Tu  We  Th  Fr  Sa  
305 306 307 308 309 310 311          335 336 337 338 339  
312 313 314 315 316 317 318  340 341 342 343 344 345 346  
319 320 321 322 323 324 325  347 348 349 350 351 352 353  
326 327 328 329 330 331 332  354 355 356 357 358 359 360  
333 334                      361 362 363 364 365          
                                                          

                         2010
          January            
 Su  Mo  Tu  We  Th  Fr  Sa  
                      1   2  
  3   4   5   6   7   8   9  
 10  11  12  13  14  15  16  
 17  18  19  20  21  22  23  
 24  25  26  27  28  29  30  
 31                          
