    February 2008     March 2008        
Mo     4 11 18 25        3 10 17 24 31
Tu     5 12 19 26        4 11 18 25   
We     6 13 20 27        5 12 19 26   
Th     7 14 21 28        6 13 20 27   
Fr  1  8 15 22 29        7 14 21 28   
Sa  2  9 16 23        1  8 15 22 29   
Su  3 10 17 24        2  9 16 23 30   
