   February 2009           March 2009            April 2009       
Su Mo Tu We Th Fr Sa  Su Mo Tu We Th Fr Sa  Su Mo Tu We Th Fr Sa  
 1  2  3  4  5  6  7   1  2  3  4  5  6  7            1  2  3  4  
 8  9 10 11 12 13 14   8  9 10 11 12 13 14   5  6  7  8  9 10 11  
15 16 17 18 19 20 21  15 16 17 18 19 20 21  12 13 14 15 16 17 18  
22 23 24 25 26 27 28  22 23 24 25 26 27 28  19 20 21 22 23 24 25  
                      29 30 31              26 27 28 29 30        
                                                                  
