                                  2009
    January                 February                March                   
Mo       5  12  19  26          33  40  47  54          61  68  75  82  89
Tu       6  13  20  27          34  41  48  55          62  69  76  83  90
We       7  14  21  28          35  42  49  56          63  70  77  84    
Th   1   8  15  22  29          36  43  50  57          64  71  78  85    
Fr   2   9  16  23  30          37  44  51  58          65  72  79  86    
Sa   3  10  17  24  31          38  45  52  59          66  73  80  87    
Su   4  11  18  25          32  39  46  53          60  67  74  81  88    
