P S
0xaf,0xd4,
0x3b,0xef,
0xe3,0xea,
0xc0,0x16,
0xba,0x71,
0x34,0xcc,
0xc3,0x51
