PREFIX
175,212,59,239,227,234,192,22,186,113,52,204,195,81,240,223,173,115,109,
102,175,183,24,185,173,137,107,116,77,142,217,172,196,45,62,228,41,174,
134
SUFFIX
