The value of i is 6
The value of i is 18
The value of i is 72
The value of i is 25920
The value of i is 935761216
The value of i is -91738734
The value of i is -91738729

